2026/04/23 14:18:40 dashboard api listening on :8080
2026/04/23 14:18:43 [AutoBackfill] detected gap 2026-04-21 ~ 2026-04-22. Triggering backfill...
2026/04/23 14:18:52 [AutoCapitalFlow] fetch failed: no TWSE capital flow data available in the last 7 days
2026/04/23 14:18:56 [AutoBackfill] success:
Existing CSV: 1624 rows, 32 unique symbols
Backfill range: 2026-04-21 to 2026-04-22
[0050] added 2 rows
[0056] added 2 rows
[00878] added 2 rows
[1216] added 2 rows
[1301] added 2 rows
[1303] added 2 rows
[1326] added 2 rows
[2303] added 2 rows
2026/04/23 14:18:47 [WARN] 2308 on 2026-04-22 has zero price change from previous close (2015.00 -> 2015.00)
[2308] added 2 rows
[2317] added 2 rows
2026/04/23 14:18:48 [WARN] 2330 on 2026-04-22 has zero price change from previous close (2050.00 -> 2050.00)
[2330] added 2 rows
[2345] added 2 rows
[2357] added 2 rows
[2382] added 2 rows
[2412] added 2 rows
[2454] added 2 rows
[2603] added 2 rows
2026/04/23 14:18:50 [WARN] 2609 on 2026-04-21 has zero price change from previous close (50.70 -> 50.70)
[2609] added 2 rows
[2615] added 2 rows
[2881] added 2 rows
[2882] added 2 rows
[2884] added 2 rows
[2885] added 2 rows
[2886] added 2 rows
[2891] added 2 rows
2026/04/23 14:18:53 [WARN] 2892 on 2026-04-21 has zero price change from previous close (28.80 -> 28.80)
[2892] added 2 rows
[3008] added 2 rows
[3034] added 2 rows
[3037] added 2 rows
[3231] added 2 rows
[3711] added 2 rows
[6669] added 2 rows

Total new rows to append: 64
Successfully appended 64 rows to data/replay/tw_extended_90days.csv
2026/04/23 14:19:41 [CompositeGeopoliticalProvider] provider gdelt_geopolitical failed: Get "https://api.gdeltproject.org/api/v2/summary/summary?query=israel+gaza+hamas+iran&mode=artlist&maxrecords=50&startdatetime=20260422000000&enddatetime=20260423235959&format=json": net/http: TLS handshake timeout
2026/04/23 14:25:27 [CompositeGeopoliticalProvider] provider gdelt_geopolitical failed: Get "https://api.gdeltproject.org/api/v2/summary/summary?query=israel+gaza+hamas+iran&mode=artlist&maxrecords=50&startdatetime=20260422000000&enddatetime=20260423235959&format=json": context deadline exceeded (Client.Timeout exceeded while awaiting headers)
2026/04/23 14:30:48 [CompositeGeopoliticalProvider] provider gdelt_geopolitical failed: Get "https://api.gdeltproject.org/api/v2/summary/summary?query=israel+gaza+hamas+iran&mode=artlist&maxrecords=50&startdatetime=20260422000000&enddatetime=20260423235959&format=json": read tcp 192.168.31.247:58402->104.197.47.124:443: read: connection reset by peer
2026/04/23 14:36:21 [CompositeGeopoliticalProvider] provider gdelt_geopolitical failed: Get "https://api.gdeltproject.org/api/v2/summary/summary?query=israel+gaza+hamas+iran&mode=artlist&maxrecords=50&startdatetime=20260422000000&enddatetime=20260423235959&format=json": net/http: TLS handshake timeout
2026/04/23 14:42:38 [CompositeGeopoliticalProvider] provider gdelt_geopolitical failed: Get "https://api.gdeltproject.org/api/v2/summary/summary?query=israel+gaza+hamas+iran&mode=artlist&maxrecords=50&startdatetime=20260422000000&enddatetime=20260423235959&format=json": net/http: TLS handshake timeout
2026/04/23 14:48:17 [CompositeGeopoliticalProvider] provider gdelt_geopolitical failed: Get "https://api.gdeltproject.org/api/v2/summary/summary?query=israel+gaza+hamas+iran&mode=artlist&maxrecords=50&startdatetime=20260422000000&enddatetime=20260423235959&format=json": context deadline exceeded (Client.Timeout exceeded while awaiting headers)
2026/04/23 14:53:46 [CompositeGeopoliticalProvider] provider gdelt_geopolitical failed: Get "https://api.gdeltproject.org/api/v2/summary/summary?query=israel+gaza+hamas+iran&mode=artlist&maxrecords=50&startdatetime=20260422000000&enddatetime=20260423235959&format=json": context deadline exceeded (Client.Timeout exceeded while awaiting headers)
2026/04/23 14:59:31 [CompositeGeopoliticalProvider] provider gdelt_geopolitical failed: Get "https://api.gdeltproject.org/api/v2/summary/summary?query=israel+gaza+hamas+iran&mode=artlist&maxrecords=50&startdatetime=20260422000000&enddatetime=20260423235959&format=json": net/http: TLS handshake timeout
2026/04/23 15:05:29 [CompositeGeopoliticalProvider] provider gdelt_geopolitical failed: Get "https://api.gdeltproject.org/api/v2/summary/summary?query=israel+gaza+hamas+iran&mode=artlist&maxrecords=50&startdatetime=20260422000000&enddatetime=20260423235959&format=json": net/http: TLS handshake timeout
2026/04/23 15:11:29 [CompositeGeopoliticalProvider] provider gdelt_geopolitical failed: Get "https://api.gdeltproject.org/api/v2/summary/summary?query=israel+gaza+hamas+iran&mode=artlist&maxrecords=50&startdatetime=20260422000000&enddatetime=20260423235959&format=json": net/http: TLS handshake timeout
2026/04/23 15:17:32 [CompositeGeopoliticalProvider] provider gdelt_geopolitical failed: Get "https://api.gdeltproject.org/api/v2/summary/summary?query=israel+gaza+hamas+iran&mode=artlist&maxrecords=50&startdatetime=20260422000000&enddatetime=20260423235959&format=json": net/http: TLS handshake timeout
2026/04/23 15:23:34 [CompositeGeopoliticalProvider] provider gdelt_geopolitical failed: Get "https://api.gdeltproject.org/api/v2/summary/summary?query=israel+gaza+hamas+iran&mode=artlist&maxrecords=50&startdatetime=20260422000000&enddatetime=20260423235959&format=json": net/http: TLS handshake timeout
2026/04/23 15:35:29 [CompositeGeopoliticalProvider] provider gdelt_geopolitical failed: Get "https://api.gdeltproject.org/api/v2/summary/summary?query=israel+gaza+hamas+iran&mode=artlist&maxrecords=50&startdatetime=20260422000000&enddatetime=20260423235959&format=json": net/http: TLS handshake timeout
2026/04/23 15:41:33 [CompositeGeopoliticalProvider] provider gdelt_geopolitical failed: Get "https://api.gdeltproject.org/api/v2/summary/summary?query=israel+gaza+hamas+iran&mode=artlist&maxrecords=50&startdatetime=20260422000000&enddatetime=20260423235959&format=json": net/http: TLS handshake timeout
2026/04/23 15:47:37 [CompositeGeopoliticalProvider] provider gdelt_geopolitical failed: Get "https://api.gdeltproject.org/api/v2/summary/summary?query=israel+gaza+hamas+iran&mode=artlist&maxrecords=50&startdatetime=20260422000000&enddatetime=20260423235959&format=json": net/http: TLS handshake timeout
2026/04/23 15:53:29 [CompositeGeopoliticalProvider] provider gdelt_geopolitical failed: Get "https://api.gdeltproject.org/api/v2/summary/summary?query=israel+gaza+hamas+iran&mode=artlist&maxrecords=50&startdatetime=20260422000000&enddatetime=20260423235959&format=json": net/http: TLS handshake timeout
2026/04/23 15:59:30 [CompositeGeopoliticalProvider] provider gdelt_geopolitical failed: Get "https://api.gdeltproject.org/api/v2/summary/summary?query=israel+gaza+hamas+iran&mode=artlist&maxrecords=50&startdatetime=20260422000000&enddatetime=20260423235959&format=json": net/http: TLS handshake timeout
2026/04/23 16:05:36 [CompositeGeopoliticalProvider] provider gdelt_geopolitical failed: Get "https://api.gdeltproject.org/api/v2/summary/summary?query=israel+gaza+hamas+iran&mode=artlist&maxrecords=50&startdatetime=20260422000000&enddatetime=20260423235959&format=json": net/http: TLS handshake timeout
2026/04/23 16:11:33 [CompositeGeopoliticalProvider] provider gdelt_geopolitical failed: Get "https://api.gdeltproject.org/api/v2/summary/summary?query=israel+gaza+hamas+iran&mode=artlist&maxrecords=50&startdatetime=20260422000000&enddatetime=20260423235959&format=json": net/http: TLS handshake timeout
2026/04/23 16:17:29 [CompositeGeopoliticalProvider] provider gdelt_geopolitical failed: Get "https://api.gdeltproject.org/api/v2/summary/summary?query=israel+gaza+hamas+iran&mode=artlist&maxrecords=50&startdatetime=20260422000000&enddatetime=20260423235959&format=json": net/http: TLS handshake timeout
2026/04/23 16:33:44 [CompositeGeopoliticalProvider] provider gdelt_geopolitical failed: Get "https://api.gdeltproject.org/api/v2/summary/summary?query=israel+gaza+hamas+iran&mode=artlist&maxrecords=50&startdatetime=20260422000000&enddatetime=20260423235959&format=json": read tcp 192.168.31.247:59338->104.197.47.124:443: read: connection reset by peer
2026/04/23 16:39:51 [CompositeGeopoliticalProvider] provider gdelt_geopolitical failed: Get "https://api.gdeltproject.org/api/v2/summary/summary?query=israel+gaza+hamas+iran&mode=artlist&maxrecords=50&startdatetime=20260422000000&enddatetime=20260423235959&format=json": net/http: TLS handshake timeout
2026/04/23 16:46:01 [CompositeGeopoliticalProvider] provider gdelt_geopolitical failed: Get "https://api.gdeltproject.org/api/v2/summary/summary?query=israel+gaza+hamas+iran&mode=artlist&maxrecords=50&startdatetime=20260422000000&enddatetime=20260423235959&format=json": context deadline exceeded (Client.Timeout exceeded while awaiting headers)
2026/04/23 16:51:43 [CompositeGeopoliticalProvider] provider gdelt_geopolitical failed: Get "https://api.gdeltproject.org/api/v2/summary/summary?query=israel+gaza+hamas+iran&mode=artlist&maxrecords=50&startdatetime=20260422000000&enddatetime=20260423235959&format=json": read tcp 192.168.31.247:59448->104.197.47.124:443: read: connection reset by peer
2026/04/23 17:03:53 [CompositeGeopoliticalProvider] provider gdelt_geopolitical failed: Get "https://api.gdeltproject.org/api/v2/summary/summary?query=israel+gaza+hamas+iran&mode=artlist&maxrecords=50&startdatetime=20260422000000&enddatetime=20260423235959&format=json": net/http: TLS handshake timeout
2026/04/23 17:10:01 [CompositeGeopoliticalProvider] provider gdelt_geopolitical failed: Get "https://api.gdeltproject.org/api/v2/summary/summary?query=israel+gaza+hamas+iran&mode=artlist&maxrecords=50&startdatetime=20260422000000&enddatetime=20260423235959&format=json": context deadline exceeded (Client.Timeout exceeded while awaiting headers)
2026/04/23 17:16:02 [CompositeGeopoliticalProvider] provider gdelt_geopolitical failed: Get "https://api.gdeltproject.org/api/v2/summary/summary?query=israel+gaza+hamas+iran&mode=artlist&maxrecords=50&startdatetime=20260422000000&enddatetime=20260423235959&format=json": context deadline exceeded (Client.Timeout exceeded while awaiting headers)
2026/04/23 17:21:53 [CompositeGeopoliticalProvider] provider gdelt_geopolitical failed: Get "https://api.gdeltproject.org/api/v2/summary/summary?query=israel+gaza+hamas+iran&mode=artlist&maxrecords=50&startdatetime=20260422000000&enddatetime=20260423235959&format=json": net/http: TLS handshake timeout
2026/04/23 17:27:55 [CompositeGeopoliticalProvider] provider gdelt_geopolitical failed: Get "https://api.gdeltproject.org/api/v2/summary/summary?query=israel+gaza+hamas+iran&mode=artlist&maxrecords=50&startdatetime=20260422000000&enddatetime=20260423235959&format=json": net/http: TLS handshake timeout
2026/04/23 17:33:54 [CompositeGeopoliticalProvider] provider gdelt_geopolitical failed: Get "https://api.gdeltproject.org/api/v2/summary/summary?query=israel+gaza+hamas+iran&mode=artlist&maxrecords=50&startdatetime=20260422000000&enddatetime=20260423235959&format=json": net/http: TLS handshake timeout
2026/04/23 17:40:02 [CompositeGeopoliticalProvider] provider gdelt_geopolitical failed: Get "https://api.gdeltproject.org/api/v2/summary/summary?edt=20260423235959&sdt=20260422000000": context deadline exceeded (Client.Timeout exceeded while awaiting headers)
2026/04/23 17:45:49 [CompositeGeopoliticalProvider] provider gdelt_geopolitical failed: Get "https://api.gdeltproject.org/api/v2/summary/summary?query=israel+gaza+hamas+iran&mode=artlist&maxrecords=50&startdatetime=20260422000000&enddatetime=20260423235959&format=json": read tcp 192.168.31.247:59918->104.197.47.124:443: read: connection reset by peer
2026/04/23 17:51:56 [CompositeGeopoliticalProvider] provider gdelt_geopolitical failed: Get "https://api.gdeltproject.org/api/v2/summary/summary?query=israel+gaza+hamas+iran&mode=artlist&maxrecords=50&startdatetime=20260422000000&enddatetime=20260423235959&format=json": net/http: TLS handshake timeout
2026/04/23 17:57:52 [CompositeGeopoliticalProvider] provider gdelt_geopolitical failed: Get "https://api.gdeltproject.org/api/v2/summary/summary?query=israel+gaza+hamas+iran&mode=artlist&maxrecords=50&startdatetime=20260422000000&enddatetime=20260423235959&format=json": net/http: TLS handshake timeout
2026/04/23 18:03:52 [CompositeGeopoliticalProvider] provider gdelt_geopolitical failed: Get "https://api.gdeltproject.org/api/v2/summary/summary?query=israel+gaza+hamas+iran&mode=artlist&maxrecords=50&startdatetime=20260422000000&enddatetime=20260423235959&format=json": net/http: TLS handshake timeout
2026/04/23 18:09:52 [CompositeGeopoliticalProvider] provider gdelt_geopolitical failed: Get "https://api.gdeltproject.org/api/v2/summary/summary?query=israel+gaza+hamas+iran&mode=artlist&maxrecords=50&startdatetime=20260422000000&enddatetime=20260423235959&format=json": net/http: TLS handshake timeout
2026/04/23 18:21:41 [CompositeGeopoliticalProvider] provider gdelt_geopolitical failed: Get "https://api.gdeltproject.org/api/v2/summary/summary?query=israel+gaza+hamas+iran&mode=artlist&maxrecords=50&startdatetime=20260422000000&enddatetime=20260423235959&format=json": net/http: TLS handshake timeout
2026/04/23 18:40:09 [CompositeGeopoliticalProvider] provider gdelt_geopolitical failed: Get "https://api.gdeltproject.org/api/v2/summary/summary?query=israel+gaza+hamas+iran&mode=artlist&maxrecords=50&startdatetime=20260422000000&enddatetime=20260423235959&format=json": net/http: TLS handshake timeout
2026/04/23 18:46:39 [CompositeGeopoliticalProvider] provider gdelt_geopolitical failed: Get "https://api.gdeltproject.org/api/v2/summary/summary?query=israel+gaza+hamas+iran&mode=artlist&maxrecords=50&startdatetime=20260422000000&enddatetime=20260423235959&format=json": net/http: TLS handshake timeout
2026/04/23 18:54:17 [CompositeGeopoliticalProvider] provider gdelt_geopolitical failed: Get "https://api.gdeltproject.org/api/v2/summary/summary?query=israel+gaza+hamas+iran&mode=artlist&maxrecords=50&startdatetime=20260422000000&enddatetime=20260423235959&format=json": net/http: TLS handshake timeout
2026/04/23 19:00:09 [CompositeGeopoliticalProvider] provider gdelt_geopolitical failed: Get "https://api.gdeltproject.org/api/v2/summary/summary?query=israel+gaza+hamas+iran&mode=artlist&maxrecords=50&startdatetime=20260422000000&enddatetime=20260423235959&format=json": read tcp 192.168.31.247:60545->104.197.47.124:443: read: connection reset by peer
2026/04/23 19:21:17 [CompositeGeopoliticalProvider] provider gdelt_geopolitical failed: Get "https://api.gdeltproject.org/api/v2/summary/summary?query=israel+gaza+hamas+iran&mode=artlist&maxrecords=50&startdatetime=20260422000000&enddatetime=20260423235959&format=json": net/http: TLS handshake timeout
2026/04/23 19:32:00 [CompositeGeopoliticalProvider] provider gdelt_geopolitical failed: Get "https://api.gdeltproject.org/api/v2/summary/summary?edt=20260423235959&sdt=20260422000000": context deadline exceeded (Client.Timeout exceeded while awaiting headers)
2026/04/23 19:40:50 [CompositeGeopoliticalProvider] provider gdelt_geopolitical failed: Get "https://api.gdeltproject.org/api/v2/summary/summary?query=israel+gaza+hamas+iran&mode=artlist&maxrecords=50&startdatetime=20260422000000&enddatetime=20260423235959&format=json": context canceled
2026/04/23 21:09:37 [CompositeGeopoliticalProvider] provider gdelt_geopolitical failed: Get "https://api.gdeltproject.org/api/v2/summary/summary?query=israel+gaza+hamas+iran&mode=artlist&maxrecords=50&startdatetime=20260422000000&enddatetime=20260423235959&format=json": net/http: TLS handshake timeout
2026/04/23 21:15:47 [CompositeGeopoliticalProvider] provider gdelt_geopolitical failed: Get "https://api.gdeltproject.org/api/v2/summary/summary?query=israel+gaza+hamas+iran&mode=artlist&maxrecords=50&startdatetime=20260422000000&enddatetime=20260423235959&format=json": context deadline exceeded (Client.Timeout exceeded while awaiting headers)
2026/04/23 21:34:27 [CompositeGeopoliticalProvider] provider gdelt_geopolitical failed: Get "https://api.gdeltproject.org/api/v2/summary/summary?query=israel+gaza+hamas+iran&mode=artlist&maxrecords=50&startdatetime=20260422000000&enddatetime=20260423235959&format=json": net/http: TLS handshake timeout
2026/04/23 21:58:28 [CompositeGeopoliticalProvider] provider gdelt_geopolitical failed: Get "https://api.gdeltproject.org/api/v2/summary/summary?query=israel+gaza+hamas+iran&mode=artlist&maxrecords=50&startdatetime=20260422000000&enddatetime=20260423235959&format=json": net/http: TLS handshake timeout
2026/04/23 22:12:11 [CompositeGeopoliticalProvider] provider gdelt_geopolitical failed: Get "https://api.gdeltproject.org/api/v2/summary/summary?query=israel+gaza+hamas+iran&mode=artlist&maxrecords=50&startdatetime=20260422000000&enddatetime=20260423235959&format=json": read tcp 192.168.31.247:61340->104.197.47.124:443: read: connection reset by peer
2026/04/23 22:19:36 [CompositeGeopoliticalProvider] provider gdelt_geopolitical failed: Get "https://api.gdeltproject.org/api/v2/summary/summary?query=israel+gaza+hamas+iran&mode=artlist&maxrecords=50&startdatetime=20260422000000&enddatetime=20260423235959&format=json": context deadline exceeded (Client.Timeout exceeded while awaiting headers)
2026/04/24 00:04:23 [CompositeGeopoliticalProvider] provider gdelt_geopolitical failed: Get "https://api.gdeltproject.org/api/v2/summary/summary?query=israel+gaza+hamas+iran&mode=artlist&maxrecords=50&startdatetime=20260422000000&enddatetime=20260423235959&format=json": net/http: TLS handshake timeout
2026/04/24 03:29:00 [CompositeGeopoliticalProvider] provider gdelt_geopolitical failed: Get "https://api.gdeltproject.org/api/v2/summary/summary?query=israel+gaza+hamas+iran&mode=artlist&maxrecords=50&startdatetime=20260422000000&enddatetime=20260423235959&format=json": net/http: TLS handshake timeout
2026/04/24 04:57:57 [YahooFinanceMacroProvider] partial fetch failures: [USD/TWD=X: invalid character '<' looking for beginning of value]
2026/04/24 04:57:57 [handleChannelsIngest] capital flow ingest succeeded
2026/04/24 04:57:58 [handleChannelsIngest] macro ingest succeeded: 0 events, recorded_at=1776977876
2026/04/24 04:58:07 [CompositeGeopoliticalProvider] provider gdelt_geopolitical failed: Get "https://api.gdeltproject.org/api/v2/summary/summary?query=israel+gaza+hamas+iran&mode=artlist&maxrecords=50&startdatetime=20260422000000&enddatetime=20260423235959&format=json": net/http: TLS handshake timeout
2026/04/24 04:58:07 [handleChannelsIngest] geo ingest succeeded: intensity=100.00
2026/04/24 05:01:17 [CompositeGeopoliticalProvider] provider gdelt_geopolitical failed: Get "https://api.gdeltproject.org/api/v2/summary/summary?query=israel+gaza+hamas+iran&mode=artlist&maxrecords=50&startdatetime=20260422000000&enddatetime=20260423235959&format=json": net/http: TLS handshake timeout
2026/04/24 05:44:16 [CompositeGeopoliticalProvider] provider gdelt_geopolitical failed: Get "https://api.gdeltproject.org/api/v2/summary/summary?query=israel+gaza+hamas+iran&mode=artlist&maxrecords=50&startdatetime=20260422000000&enddatetime=20260423235959&format=json": net/http: TLS handshake timeout
2026/04/24 05:49:46 [CompositeGeopoliticalProvider] provider gdelt_geopolitical failed: Get "https://api.gdeltproject.org/api/v2/summary/summary?query=israel+gaza+hamas+iran&mode=artlist&maxrecords=50&startdatetime=20260422000000&enddatetime=20260423235959&format=json": net/http: TLS handshake timeout
2026/04/24 05:55:15 [CompositeGeopoliticalProvider] provider gdelt_geopolitical failed: Get "https://api.gdeltproject.org/api/v2/summary/summary?query=israel+gaza+hamas+iran&mode=artlist&maxrecords=50&startdatetime=20260422000000&enddatetime=20260423235959&format=json": net/http: TLS handshake timeout
2026/04/24 06:06:11 [CompositeGeopoliticalProvider] provider gdelt_geopolitical failed: Get "https://api.gdeltproject.org/api/v2/summary/summary?query=israel+gaza+hamas+iran&mode=artlist&maxrecords=50&startdatetime=20260422000000&enddatetime=20260423235959&format=json": net/http: TLS handshake timeout
2026/04/24 06:12:56 [CompositeGeopoliticalProvider] provider gdelt_geopolitical failed: Get "https://api.gdeltproject.org/api/v2/summary/summary?query=israel+gaza+hamas+iran&mode=artlist&maxrecords=50&startdatetime=20260422000000&enddatetime=20260423235959&format=json": context deadline exceeded (Client.Timeout exceeded while awaiting headers)
2026/04/24 06:18:32 [CompositeGeopoliticalProvider] provider gdelt_geopolitical failed: Get "https://api.gdeltproject.org/api/v2/summary/summary?query=israel+gaza+hamas+iran&mode=artlist&maxrecords=50&startdatetime=20260422000000&enddatetime=20260423235959&format=json": net/http: TLS handshake timeout
2026/04/24 06:25:09 [CompositeGeopoliticalProvider] provider gdelt_geopolitical failed: Get "https://api.gdeltproject.org/api/v2/summary/summary?query=israel+gaza+hamas+iran&mode=artlist&maxrecords=50&startdatetime=20260422000000&enddatetime=20260423235959&format=json": net/http: TLS handshake timeout
2026/04/24 06:36:23 [CompositeGeopoliticalProvider] provider gdelt_geopolitical failed: Get "https://api.gdeltproject.org/api/v2/summary/summary?query=israel+gaza+hamas+iran&mode=artlist&maxrecords=50&startdatetime=20260422000000&enddatetime=20260423235959&format=json": net/http: TLS handshake timeout
2026/04/24 06:41:52 [CompositeGeopoliticalProvider] provider gdelt_geopolitical failed: Get "https://api.gdeltproject.org/api/v2/summary/summary?query=israel+gaza+hamas+iran&mode=artlist&maxrecords=50&startdatetime=20260422000000&enddatetime=20260423235959&format=json": net/http: TLS handshake timeout
2026/04/24 06:47:21 [CompositeGeopoliticalProvider] provider gdelt_geopolitical failed: Get "https://api.gdeltproject.org/api/v2/summary/summary?query=israel+gaza+hamas+iran&mode=artlist&maxrecords=50&startdatetime=20260422000000&enddatetime=20260423235959&format=json": net/http: TLS handshake timeout
2026/04/24 06:52:45 [CompositeGeopoliticalProvider] provider gdelt_geopolitical failed: Get "https://api.gdeltproject.org/api/v2/summary/summary?query=israel+gaza+hamas+iran&mode=artlist&maxrecords=50&startdatetime=20260422000000&enddatetime=20260423235959&format=json": read tcp 192.168.31.247:62215->104.197.47.124:443: read: connection reset by peer
2026/04/24 07:01:28 [CompositeGeopoliticalProvider] provider gdelt_geopolitical failed: Get "https://api.gdeltproject.org/api/v2/summary/summary?query=israel+gaza+hamas+iran&mode=artlist&maxrecords=50&startdatetime=20260422000000&enddatetime=20260423235959&format=json": net/http: TLS handshake timeout
2026/04/24 07:07:27 [CompositeGeopoliticalProvider] provider gdelt_geopolitical failed: Get "https://api.gdeltproject.org/api/v2/summary/summary?query=israel+gaza+hamas+iran&mode=artlist&maxrecords=50&startdatetime=20260422000000&enddatetime=20260423235959&format=json": net/http: TLS handshake timeout
2026/04/24 07:34:04 [CompositeGeopoliticalProvider] provider gdelt_geopolitical failed: Get "https://api.gdeltproject.org/api/v2/summary/summary?query=israel+gaza+hamas+iran&mode=artlist&maxrecords=50&startdatetime=20260422000000&enddatetime=20260423235959&format=json": read tcp 192.168.31.247:62578->104.197.47.124:443: read: connection reset by peer
2026/04/24 07:44:46 [CompositeGeopoliticalProvider] provider gdelt_geopolitical failed: Get "https://api.gdeltproject.org/api/v2/summary/summary?query=israel+gaza+hamas+iran&mode=artlist&maxrecords=50&startdatetime=20260422000000&enddatetime=20260423235959&format=json": context deadline exceeded (Client.Timeout exceeded while awaiting headers)
2026/04/24 07:56:08 [CompositeGeopoliticalProvider] provider gdelt_geopolitical failed: Get "https://api.gdeltproject.org/api/v2/summary/summary?query=israel+gaza+hamas+iran&mode=artlist&maxrecords=50&startdatetime=20260422000000&enddatetime=20260423235959&format=json": net/http: TLS handshake timeout
2026/04/24 08:04:02 [CompositeGeopoliticalProvider] provider gdelt_geopolitical failed: Get "https://api.gdeltproject.org/api/v2/summary/summary?query=israel+gaza+hamas+iran&mode=artlist&maxrecords=50&startdatetime=20260423000000&enddatetime=20260424235959&format=json": net/http: TLS handshake timeout
2026/04/24 08:12:08 [CompositeGeopoliticalProvider] provider gdelt_geopolitical failed: Get "https://api.gdeltproject.org/api/v2/summary/summary?query=israel+gaza+hamas+iran&mode=artlist&maxrecords=50&startdatetime=20260423000000&enddatetime=20260424235959&format=json": net/http: TLS handshake timeout
2026/04/24 08:17:38 [CompositeGeopoliticalProvider] provider gdelt_geopolitical failed: Get "https://api.gdeltproject.org/api/v2/summary/summary?query=israel+gaza+hamas+iran&mode=artlist&maxrecords=50&startdatetime=20260423000000&enddatetime=20260424235959&format=json": net/http: TLS handshake timeout
2026/04/24 08:23:05 [CompositeGeopoliticalProvider] provider gdelt_geopolitical failed: Get "https://api.gdeltproject.org/api/v2/summary/summary?query=israel+gaza+hamas+iran&mode=artlist&maxrecords=50&startdatetime=20260423000000&enddatetime=20260424235959&format=json": net/http: TLS handshake timeout
2026/04/24 08:28:43 [CompositeGeopoliticalProvider] provider gdelt_geopolitical failed: Get "https://api.gdeltproject.org/api/v2/summary/summary?query=israel+gaza+hamas+iran&mode=artlist&maxrecords=50&startdatetime=20260423000000&enddatetime=20260424235959&format=json": net/http: TLS handshake timeout
2026/04/24 08:34:58 [CompositeGeopoliticalProvider] provider gdelt_geopolitical failed: Get "https://api.gdeltproject.org/api/v2/summary/summary?edt=20260424235959&sdt=20260423000000": net/http: TLS handshake timeout
2026/04/24 08:40:48 [CompositeGeopoliticalProvider] provider gdelt_geopolitical failed: Get "https://api.gdeltproject.org/api/v2/summary/summary?query=israel+gaza+hamas+iran&mode=artlist&maxrecords=50&startdatetime=20260423000000&enddatetime=20260424235959&format=json": net/http: TLS handshake timeout
2026/04/24 08:46:13 [CompositeGeopoliticalProvider] provider gdelt_geopolitical failed: Get "https://api.gdeltproject.org/api/v2/summary/summary?query=israel+gaza+hamas+iran&mode=artlist&maxrecords=50&startdatetime=20260423000000&enddatetime=20260424235959&format=json": net/http: TLS handshake timeout
2026/04/24 08:52:52 [CompositeGeopoliticalProvider] provider gdelt_geopolitical failed: Get "https://api.gdeltproject.org/api/v2/summary/summary?query=israel+gaza+hamas+iran&mode=artlist&maxrecords=50&startdatetime=20260423000000&enddatetime=20260424235959&format=json": net/http: TLS handshake timeout
2026/04/24 08:59:00 [CompositeGeopoliticalProvider] provider gdelt_geopolitical failed: Get "https://api.gdeltproject.org/api/v2/summary/summary?edt=20260424235959&sdt=20260423000000": context deadline exceeded (Client.Timeout exceeded while awaiting headers)
2026/04/24 09:05:42 [CompositeGeopoliticalProvider] provider gdelt_geopolitical failed: Get "https://api.gdeltproject.org/api/v2/summary/summary?query=israel+gaza+hamas+iran&mode=artlist&maxrecords=50&startdatetime=20260423000000&enddatetime=20260424235959&format=json": net/http: TLS handshake timeout
2026/04/24 09:11:31 [CompositeGeopoliticalProvider] provider gdelt_geopolitical failed: Get "https://api.gdeltproject.org/api/v2/summary/summary?query=israel+gaza+hamas+iran&mode=artlist&maxrecords=50&startdatetime=20260423000000&enddatetime=20260424235959&format=json": context canceled
2026/04/24 09:24:13 [CompositeGeopoliticalProvider] provider gdelt_geopolitical failed: Get "https://api.gdeltproject.org/api/v2/summary/summary?query=israel+gaza+hamas+iran&mode=artlist&maxrecords=50&startdatetime=20260423000000&enddatetime=20260424235959&format=json": net/http: TLS handshake timeout
2026/04/24 09:30:50 [CompositeGeopoliticalProvider] provider gdelt_geopolitical failed: Get "https://api.gdeltproject.org/api/v2/summary/summary?query=israel+gaza+hamas+iran&mode=artlist&maxrecords=50&startdatetime=20260423000000&enddatetime=20260424235959&format=json": net/http: TLS handshake timeout
2026/04/24 09:44:11 [CompositeGeopoliticalProvider] provider gdelt_geopolitical failed: Get "https://api.gdeltproject.org/api/v2/summary/summary?query=israel+gaza+hamas+iran&mode=artlist&maxrecords=50&startdatetime=20260423000000&enddatetime=20260424235959&format=json": net/http: TLS handshake timeout
2026/04/24 09:51:08 [CompositeGeopoliticalProvider] provider gdelt_geopolitical failed: Get "https://api.gdeltproject.org/api/v2/summary/summary?query=israel+gaza+hamas+iran&mode=artlist&maxrecords=50&startdatetime=20260423000000&enddatetime=20260424235959&format=json": net/http: TLS handshake timeout
2026/04/24 10:00:04 [CompositeGeopoliticalProvider] provider gdelt_geopolitical failed: Get "https://api.gdeltproject.org/api/v2/summary/summary?query=israel+gaza+hamas+iran&mode=artlist&maxrecords=50&startdatetime=20260423000000&enddatetime=20260424235959&format=json": read tcp 192.168.31.247:49152->104.197.47.124:443: read: connection reset by peer
2026/04/24 10:06:22 [CompositeGeopoliticalProvider] provider gdelt_geopolitical failed: Get "https://api.gdeltproject.org/api/v2/summary/summary?query=israel+gaza+hamas+iran&mode=artlist&maxrecords=50&startdatetime=20260423000000&enddatetime=20260424235959&format=json": net/http: TLS handshake timeout
2026/04/24 10:12:16 [CompositeGeopoliticalProvider] provider gdelt_geopolitical failed: Get "https://api.gdeltproject.org/api/v2/summary/summary?query=israel+gaza+hamas+iran&mode=artlist&maxrecords=50&startdatetime=20260423000000&enddatetime=20260424235959&format=json": net/http: TLS handshake timeout
2026/04/24 10:18:15 [CompositeGeopoliticalProvider] provider gdelt_geopolitical failed: Get "https://api.gdeltproject.org/api/v2/summary/summary?query=israel+gaza+hamas+iran&mode=artlist&maxrecords=50&startdatetime=20260423000000&enddatetime=20260424235959&format=json": net/http: TLS handshake timeout
2026/04/24 10:29:33 [CompositeGeopoliticalProvider] provider gdelt_geopolitical failed: Get "https://api.gdeltproject.org/api/v2/summary/summary?query=israel+gaza+hamas+iran&mode=artlist&maxrecords=50&startdatetime=20260423000000&enddatetime=20260424235959&format=json": context deadline exceeded (Client.Timeout exceeded while awaiting headers)
2026/04/24 10:38:59 [CompositeGeopoliticalProvider] provider gdelt_geopolitical failed: Get "https://api.gdeltproject.org/api/v2/summary/summary?query=israel+gaza+hamas+iran&mode=artlist&maxrecords=50&startdatetime=20260423000000&enddatetime=20260424235959&format=json": net/http: TLS handshake timeout
2026/04/24 10:48:57 [CompositeGeopoliticalProvider] provider gdelt_geopolitical failed: Get "https://api.gdeltproject.org/api/v2/summary/summary?query=israel+gaza+hamas+iran&mode=artlist&maxrecords=50&startdatetime=20260423000000&enddatetime=20260424235959&format=json": net/http: TLS handshake timeout
2026/04/24 10:54:55 [CompositeGeopoliticalProvider] provider gdelt_geopolitical failed: Get "https://api.gdeltproject.org/api/v2/summary/summary?query=israel+gaza+hamas+iran&mode=artlist&maxrecords=50&startdatetime=20260423000000&enddatetime=20260424235959&format=json": net/http: TLS handshake timeout
2026/04/24 13:10:51 [CompositeGeopoliticalProvider] provider gdelt_geopolitical failed: Get "https://api.gdeltproject.org/api/v2/summary/summary?query=israel+gaza+hamas+iran&mode=artlist&maxrecords=50&startdatetime=20260423000000&enddatetime=20260424235959&format=json": net/http: TLS handshake timeout
2026/04/24 18:15:34 [CompositeGeopoliticalProvider] provider gdelt_geopolitical failed: Get "https://api.gdeltproject.org/api/v2/summary/summary?query=israel+gaza+hamas+iran&mode=artlist&maxrecords=50&startdatetime=20260423000000&enddatetime=20260424235959&format=json": net/http: TLS handshake timeout
2026/04/24 20:52:21 [CompositeGeopoliticalProvider] provider gdelt_geopolitical failed: Get "https://api.gdeltproject.org/api/v2/summary/summary?edt=20260424235959&sdt=20260423000000": context deadline exceeded (Client.Timeout exceeded while awaiting headers)
2026/04/25 01:27:46 [CompositeGeopoliticalProvider] provider gdelt_geopolitical failed: Get "https://api.gdeltproject.org/api/v2/summary/summary?query=israel+gaza+hamas+iran&mode=artlist&maxrecords=50&startdatetime=20260423000000&enddatetime=20260424235959&format=json": net/http: TLS handshake timeout
2026/04/25 02:21:34 [CompositeGeopoliticalProvider] provider gdelt_geopolitical failed: Get "https://api.gdeltproject.org/api/v2/summary/summary?query=israel+gaza+hamas+iran&mode=artlist&maxrecords=50&startdatetime=20260423000000&enddatetime=20260424235959&format=json": net/http: TLS handshake timeout
2026/04/25 02:27:01 [CompositeGeopoliticalProvider] provider gdelt_geopolitical failed: Get "https://api.gdeltproject.org/api/v2/summary/summary?query=israel+gaza+hamas+iran&mode=artlist&maxrecords=50&startdatetime=20260423000000&enddatetime=20260424235959&format=json": net/http: TLS handshake timeout
2026/04/25 03:03:39 [CompositeGeopoliticalProvider] provider gdelt_geopolitical failed: Get "https://api.gdeltproject.org/api/v2/summary/summary?query=israel+gaza+hamas+iran&mode=artlist&maxrecords=50&startdatetime=20260423000000&enddatetime=20260424235959&format=json": read tcp 192.168.31.247:50364->104.197.47.124:443: read: connection reset by peer
2026/04/25 03:17:20 [CompositeGeopoliticalProvider] provider gdelt_geopolitical failed: Get "https://api.gdeltproject.org/api/v2/summary/summary?query=israel+gaza+hamas+iran&mode=artlist&maxrecords=50&startdatetime=20260423000000&enddatetime=20260424235959&format=json": net/http: TLS handshake timeout
2026/04/25 03:31:17 [CompositeGeopoliticalProvider] provider gdelt_geopolitical failed: Get "https://api.gdeltproject.org/api/v2/summary/summary?query=israel+gaza+hamas+iran&mode=artlist&maxrecords=50&startdatetime=20260423000000&enddatetime=20260424235959&format=json": net/http: TLS handshake timeout
2026/04/25 03:36:48 [CompositeGeopoliticalProvider] provider gdelt_geopolitical failed: Get "https://api.gdeltproject.org/api/v2/summary/summary?query=israel+gaza+hamas+iran&mode=artlist&maxrecords=50&startdatetime=20260423000000&enddatetime=20260424235959&format=json": net/http: TLS handshake timeout
2026/04/25 03:49:12 [CompositeGeopoliticalProvider] provider gdelt_geopolitical failed: Get "https://api.gdeltproject.org/api/v2/summary/summary?query=israel+gaza+hamas+iran&mode=artlist&maxrecords=50&startdatetime=20260423000000&enddatetime=20260424235959&format=json": net/http: TLS handshake timeout
2026/04/25 03:54:46 [CompositeGeopoliticalProvider] provider gdelt_geopolitical failed: Get "https://api.gdeltproject.org/api/v2/summary/summary?query=israel+gaza+hamas+iran&mode=artlist&maxrecords=50&startdatetime=20260423000000&enddatetime=20260424235959&format=json": net/http: TLS handshake timeout
2026/04/25 04:00:21 [CompositeGeopoliticalProvider] provider gdelt_geopolitical failed: Get "https://api.gdeltproject.org/api/v2/summary/summary?query=israel+gaza+hamas+iran&mode=artlist&maxrecords=50&startdatetime=20260423000000&enddatetime=20260424235959&format=json": context deadline exceeded (Client.Timeout exceeded while awaiting headers)
2026/04/25 04:05:44 [CompositeGeopoliticalProvider] provider gdelt_geopolitical failed: Get "https://api.gdeltproject.org/api/v2/summary/summary?query=israel+gaza+hamas+iran&mode=artlist&maxrecords=50&startdatetime=20260423000000&enddatetime=20260424235959&format=json": read tcp 192.168.31.247:52173->104.197.47.124:443: read: connection reset by peer
2026/04/25 04:11:52 [CompositeGeopoliticalProvider] provider gdelt_geopolitical failed: Get "https://api.gdeltproject.org/api/v2/summary/summary?query=israel+gaza+hamas+iran&mode=artlist&maxrecords=50&startdatetime=20260423000000&enddatetime=20260424235959&format=json": net/http: TLS handshake timeout
2026/04/25 04:24:13 [CompositeGeopoliticalProvider] provider gdelt_geopolitical failed: Get "https://api.gdeltproject.org/api/v2/summary/summary?query=israel+gaza+hamas+iran&mode=artlist&maxrecords=50&startdatetime=20260423000000&enddatetime=20260424235959&format=json": net/http: TLS handshake timeout
2026/04/25 04:30:04 [CompositeGeopoliticalProvider] provider gdelt_geopolitical failed: Get "https://api.gdeltproject.org/api/v2/summary/summary?edt=20260424235959&sdt=20260423000000": context deadline exceeded (Client.Timeout exceeded while awaiting headers)
2026/04/25 04:35:25 [CompositeGeopoliticalProvider] provider gdelt_geopolitical failed: Get "https://api.gdeltproject.org/api/v2/summary/summary?query=israel+gaza+hamas+iran&mode=artlist&maxrecords=50&startdatetime=20260423000000&enddatetime=20260424235959&format=json": net/http: TLS handshake timeout
2026/04/25 04:40:58 [CompositeGeopoliticalProvider] provider gdelt_geopolitical failed: Get "https://api.gdeltproject.org/api/v2/summary/summary?query=israel+gaza+hamas+iran&mode=artlist&maxrecords=50&startdatetime=20260423000000&enddatetime=20260424235959&format=json": net/http: TLS handshake timeout
2026/04/25 04:46:26 [CompositeGeopoliticalProvider] provider gdelt_geopolitical failed: Get "https://api.gdeltproject.org/api/v2/summary/summary?query=israel+gaza+hamas+iran&mode=artlist&maxrecords=50&startdatetime=20260423000000&enddatetime=20260424235959&format=json": net/http: TLS handshake timeout
2026/04/25 04:50:20 received terminated, shutting down api server...
